Analysis & Synthesis report for project3Top
Thu Dec 01 23:39:49 2022
Quartus Prime Version 18.1.0 Build 625 09/12/2018 SJ Lite Edition


---------------------
; Table of Contents ;
---------------------
  1. Legal Notice
  2. Analysis & Synthesis Summary
  3. Analysis & Synthesis Settings
  4. Parallel Compilation
  5. Analysis & Synthesis Source Files Read
  6. Analysis & Synthesis Resource Usage Summary
  7. Analysis & Synthesis Resource Utilization by Entity
  8. Analysis & Synthesis DSP Block Usage Summary
  9. State Machine - |project3Top|keypressed:U2|key_state
 10. State Machine - |project3Top|keypressed:U1|key_state
 11. General Register Statistics
 12. Parameter Settings for User Entity Instance: Top-level Entity: |project3Top
 13. Parameter Settings for User Entity Instance: keypressed:U1
 14. Parameter Settings for User Entity Instance: keypressed:U2
 15. Parameter Settings for Inferred Entity Instance: newton:F2|lpm_divide:Div4
 16. Parameter Settings for Inferred Entity Instance: newton:F2|lpm_divide:Div3
 17. Parameter Settings for Inferred Entity Instance: newton:F2|lpm_divide:Div2
 18. Parameter Settings for Inferred Entity Instance: newton:F2|lpm_divide:Div1
 19. Parameter Settings for Inferred Entity Instance: newton:F2|lpm_divide:Div0
 20. Post-Synthesis Netlist Statistics for Top Partition
 21. Elapsed Time Per Partition
 22. Analysis & Synthesis Messages



----------------
; Legal Notice ;
----------------
Copyright (C) 2018  Intel Corporation. All rights reserved.
Your use of Intel Corporation's design tools, logic functions 
and other software and tools, and its AMPP partner logic 
functions, and any output files from any of the foregoing 
(including device programming or simulation files), and any 
associated documentation or information are expressly subject 
to the terms and conditions of the Intel Program License 
Subscription Agreement, the Intel Quartus Prime License Agreement,
the Intel FPGA IP License Agreement, or other applicable license
agreement, including, without limitation, that your use is for
the sole purpose of programming logic devices manufactured by
Intel and sold by Intel or its authorized distributors.  Please
refer to the applicable agreement for further details.



+-------------------------------------------------------------------------------+
; Analysis & Synthesis Summary                                                  ;
+---------------------------------+---------------------------------------------+
; Analysis & Synthesis Status     ; Successful - Thu Dec 01 23:39:49 2022       ;
; Quartus Prime Version           ; 18.1.0 Build 625 09/12/2018 SJ Lite Edition ;
; Revision Name                   ; project3Top                                 ;
; Top-level Entity Name           ; project3Top                                 ;
; Family                          ; Cyclone V                                   ;
; Logic utilization (in ALMs)     ; N/A                                         ;
; Total registers                 ; 55                                          ;
; Total pins                      ; 66                                          ;
; Total virtual pins              ; 0                                           ;
; Total block memory bits         ; 0                                           ;
; Total DSP Blocks                ; 7                                           ;
; Total HSSI RX PCSs              ; 0                                           ;
; Total HSSI PMA RX Deserializers ; 0                                           ;
; Total HSSI TX PCSs              ; 0                                           ;
; Total HSSI PMA TX Serializers   ; 0                                           ;
; Total PLLs                      ; 0                                           ;
; Total DLLs                      ; 0                                           ;
+---------------------------------+---------------------------------------------+


+---------------------------------------------------------------------------------------------------------------------------+
; Analysis & Synthesis Settings                                                                                             ;
+---------------------------------------------------------------------------------+--------------------+--------------------+
; Option                                                                          ; Setting            ; Default Value      ;
+---------------------------------------------------------------------------------+--------------------+--------------------+
; Device                                                                          ; 5CSEMA5F31C6       ;                    ;
; Top-level entity name                                                           ; project3Top        ; project3Top        ;
; Family name                                                                     ; Cyclone V          ; Cyclone V          ;
; Use smart compilation                                                           ; Off                ; Off                ;
; Enable parallel Assembler and Timing Analyzer during compilation                ; On                 ; On                 ;
; Enable compact report table                                                     ; Off                ; Off                ;
; Restructure Multiplexers                                                        ; Auto               ; Auto               ;
; MLAB Add Timing Constraints For Mixed-Port Feed-Through Mode Setting Don't Care ; Off                ; Off                ;
; Create Debugging Nodes for IP Cores                                             ; Off                ; Off                ;
; Preserve fewer node names                                                       ; On                 ; On                 ;
; Intel FPGA IP Evaluation Mode                                                   ; Enable             ; Enable             ;
; Verilog Version                                                                 ; Verilog_2001       ; Verilog_2001       ;
; VHDL Version                                                                    ; VHDL_1993          ; VHDL_1993          ;
; State Machine Processing                                                        ; Auto               ; Auto               ;
; Safe State Machine                                                              ; Off                ; Off                ;
; Extract Verilog State Machines                                                  ; On                 ; On                 ;
; Extract VHDL State Machines                                                     ; On                 ; On                 ;
; Ignore Verilog initial constructs                                               ; Off                ; Off                ;
; Iteration limit for constant Verilog loops                                      ; 5000               ; 5000               ;
; Iteration limit for non-constant Verilog loops                                  ; 250                ; 250                ;
; Add Pass-Through Logic to Inferred RAMs                                         ; On                 ; On                 ;
; Infer RAMs from Raw Logic                                                       ; On                 ; On                 ;
; Parallel Synthesis                                                              ; On                 ; On                 ;
; DSP Block Balancing                                                             ; Auto               ; Auto               ;
; NOT Gate Push-Back                                                              ; On                 ; On                 ;
; Power-Up Don't Care                                                             ; On                 ; On                 ;
; Remove Redundant Logic Cells                                                    ; Off                ; Off                ;
; Remove Duplicate Registers                                                      ; On                 ; On                 ;
; Ignore CARRY Buffers                                                            ; Off                ; Off                ;
; Ignore CASCADE Buffers                                                          ; Off                ; Off                ;
; Ignore GLOBAL Buffers                                                           ; Off                ; Off                ;
; Ignore ROW GLOBAL Buffers                                                       ; Off                ; Off                ;
; Ignore LCELL Buffers                                                            ; Off                ; Off                ;
; Ignore SOFT Buffers                                                             ; On                 ; On                 ;
; Limit AHDL Integers to 32 Bits                                                  ; Off                ; Off                ;
; Optimization Technique                                                          ; Balanced           ; Balanced           ;
; Carry Chain Length                                                              ; 70                 ; 70                 ;
; Auto Carry Chains                                                               ; On                 ; On                 ;
; Auto Open-Drain Pins                                                            ; On                 ; On                 ;
; Perform WYSIWYG Primitive Resynthesis                                           ; Off                ; Off                ;
; Auto ROM Replacement                                                            ; On                 ; On                 ;
; Auto RAM Replacement                                                            ; On                 ; On                 ;
; Auto DSP Block Replacement                                                      ; On                 ; On                 ;
; Auto Shift Register Replacement                                                 ; Auto               ; Auto               ;
; Allow Shift Register Merging across Hierarchies                                 ; Auto               ; Auto               ;
; Auto Clock Enable Replacement                                                   ; On                 ; On                 ;
; Strict RAM Replacement                                                          ; Off                ; Off                ;
; Allow Synchronous Control Signals                                               ; On                 ; On                 ;
; Force Use of Synchronous Clear Signals                                          ; Off                ; Off                ;
; Auto Resource Sharing                                                           ; Off                ; Off                ;
; Allow Any RAM Size For Recognition                                              ; Off                ; Off                ;
; Allow Any ROM Size For Recognition                                              ; Off                ; Off                ;
; Allow Any Shift Register Size For Recognition                                   ; Off                ; Off                ;
; Use LogicLock Constraints during Resource Balancing                             ; On                 ; On                 ;
; Ignore translate_off and synthesis_off directives                               ; Off                ; Off                ;
; Timing-Driven Synthesis                                                         ; On                 ; On                 ;
; Report Parameter Settings                                                       ; On                 ; On                 ;
; Report Source Assignments                                                       ; On                 ; On                 ;
; Report Connectivity Checks                                                      ; On                 ; On                 ;
; Ignore Maximum Fan-Out Assignments                                              ; Off                ; Off                ;
; Synchronization Register Chain Length                                           ; 3                  ; 3                  ;
; Power Optimization During Synthesis                                             ; Normal compilation ; Normal compilation ;
; HDL message level                                                               ; Level2             ; Level2             ;
; Suppress Register Optimization Related Messages                                 ; Off                ; Off                ;
; Number of Removed Registers Reported in Synthesis Report                        ; 5000               ; 5000               ;
; Number of Swept Nodes Reported in Synthesis Report                              ; 5000               ; 5000               ;
; Number of Inverted Registers Reported in Synthesis Report                       ; 100                ; 100                ;
; Clock MUX Protection                                                            ; On                 ; On                 ;
; Auto Gated Clock Conversion                                                     ; Off                ; Off                ;
; Block Design Naming                                                             ; Auto               ; Auto               ;
; SDC constraint protection                                                       ; Off                ; Off                ;
; Synthesis Effort                                                                ; Auto               ; Auto               ;
; Shift Register Replacement - Allow Asynchronous Clear Signal                    ; On                 ; On                 ;
; Pre-Mapping Resynthesis Optimization                                            ; Off                ; Off                ;
; Analysis & Synthesis Message Level                                              ; Medium             ; Medium             ;
; Disable Register Merging Across Hierarchies                                     ; Auto               ; Auto               ;
; Resource Aware Inference For Block RAM                                          ; On                 ; On                 ;
; Automatic Parallel Synthesis                                                    ; On                 ; On                 ;
; Partial Reconfiguration Bitstream ID                                            ; Off                ; Off                ;
+---------------------------------------------------------------------------------+--------------------+--------------------+


+------------------------------------------+
; Parallel Compilation                     ;
+----------------------------+-------------+
; Processors                 ; Number      ;
+----------------------------+-------------+
; Number detected on machine ; 16          ;
; Maximum allowed            ; 16          ;
;                            ;             ;
; Average used               ; 1.00        ;
; Maximum used               ; 16          ;
;                            ;             ;
; Usage by Processor         ; % Time Used ;
;     Processor 1            ; 100.0%      ;
;     Processor 2            ;   0.0%      ;
;     Processor 3            ;   0.0%      ;
;     Processor 4            ;   0.0%      ;
;     Processor 5            ;   0.0%      ;
;     Processor 6            ;   0.0%      ;
;     Processor 7            ;   0.0%      ;
;     Processor 8            ;   0.0%      ;
;     Processors 9-16        ;   0.0%      ;
+----------------------------+-------------+


+----------------------------------------------------------------------------------------------------------------------------------------------------------------------------------------------------------------------------+
; Analysis & Synthesis Source Files Read                                                                                                                                                                                     ;
+----------------------------------+-----------------+------------------------------+------------------------------------------------------------------------------------------------------------------------------+---------+
; File Name with User-Entered Path ; Used in Netlist ; File Type                    ; File Name with Absolute Path                                                                                                 ; Library ;
+----------------------------------+-----------------+------------------------------+------------------------------------------------------------------------------------------------------------------------------+---------+
; SW2dec.v                         ; yes             ; User Verilog HDL File        ; C:/Users/liupp/Desktop/DATA/ECE/ECE3544-2022-fall/lab5/square-root-finder/project3Top_zx_restored/SW2dec.v                   ;         ;
; seven_seg_driver.v               ; yes             ; User Verilog HDL File        ; C:/Users/liupp/Desktop/DATA/ECE/ECE3544-2022-fall/lab5/square-root-finder/project3Top_zx_restored/seven_seg_driver.v         ;         ;
; keypressed.v                     ; yes             ; User Verilog HDL File        ; C:/Users/liupp/Desktop/DATA/ECE/ECE3544-2022-fall/lab5/square-root-finder/project3Top_zx_restored/keypressed.v               ;         ;
; project3Top.v                    ; yes             ; User Verilog HDL File        ; C:/Users/liupp/Desktop/DATA/ECE/ECE3544-2022-fall/lab5/square-root-finder/project3Top_zx_restored/project3Top.v              ;         ;
; newton.v                         ; yes             ; User Verilog HDL File        ; C:/Users/liupp/Desktop/DATA/ECE/ECE3544-2022-fall/lab5/square-root-finder/project3Top_zx_restored/newton.v                   ;         ;
; lpm_divide.tdf                   ; yes             ; Megafunction                 ; c:/intelfpga_lite/18.1/quartus/libraries/megafunctions/lpm_divide.tdf                                                        ;         ;
; abs_divider.inc                  ; yes             ; Megafunction                 ; c:/intelfpga_lite/18.1/quartus/libraries/megafunctions/abs_divider.inc                                                       ;         ;
; sign_div_unsign.inc              ; yes             ; Megafunction                 ; c:/intelfpga_lite/18.1/quartus/libraries/megafunctions/sign_div_unsign.inc                                                   ;         ;
; aglobal181.inc                   ; yes             ; Megafunction                 ; c:/intelfpga_lite/18.1/quartus/libraries/megafunctions/aglobal181.inc                                                        ;         ;
; db/lpm_divide_jbm.tdf            ; yes             ; Auto-Generated Megafunction  ; C:/Users/liupp/Desktop/DATA/ECE/ECE3544-2022-fall/lab5/square-root-finder/project3Top_zx_restored/db/lpm_divide_jbm.tdf      ;         ;
; db/sign_div_unsign_plh.tdf       ; yes             ; Auto-Generated Megafunction  ; C:/Users/liupp/Desktop/DATA/ECE/ECE3544-2022-fall/lab5/square-root-finder/project3Top_zx_restored/db/sign_div_unsign_plh.tdf ;         ;
; db/alt_u_div_nve.tdf             ; yes             ; Auto-Generated Megafunction  ; C:/Users/liupp/Desktop/DATA/ECE/ECE3544-2022-fall/lab5/square-root-finder/project3Top_zx_restored/db/alt_u_div_nve.tdf       ;         ;
; db/lpm_divide_lbm.tdf            ; yes             ; Auto-Generated Megafunction  ; C:/Users/liupp/Desktop/DATA/ECE/ECE3544-2022-fall/lab5/square-root-finder/project3Top_zx_restored/db/lpm_divide_lbm.tdf      ;         ;
; db/sign_div_unsign_rlh.tdf       ; yes             ; Auto-Generated Megafunction  ; C:/Users/liupp/Desktop/DATA/ECE/ECE3544-2022-fall/lab5/square-root-finder/project3Top_zx_restored/db/sign_div_unsign_rlh.tdf ;         ;
; db/alt_u_div_sve.tdf             ; yes             ; Auto-Generated Megafunction  ; C:/Users/liupp/Desktop/DATA/ECE/ECE3544-2022-fall/lab5/square-root-finder/project3Top_zx_restored/db/alt_u_div_sve.tdf       ;         ;
; db/lpm_divide_vcm.tdf            ; yes             ; Auto-Generated Megafunction  ; C:/Users/liupp/Desktop/DATA/ECE/ECE3544-2022-fall/lab5/square-root-finder/project3Top_zx_restored/db/lpm_divide_vcm.tdf      ;         ;
; db/sign_div_unsign_5nh.tdf       ; yes             ; Auto-Generated Megafunction  ; C:/Users/liupp/Desktop/DATA/ECE/ECE3544-2022-fall/lab5/square-root-finder/project3Top_zx_restored/db/sign_div_unsign_5nh.tdf ;         ;
; db/alt_u_div_g2f.tdf             ; yes             ; Auto-Generated Megafunction  ; C:/Users/liupp/Desktop/DATA/ECE/ECE3544-2022-fall/lab5/square-root-finder/project3Top_zx_restored/db/alt_u_div_g2f.tdf       ;         ;
; db/lpm_divide_4dm.tdf            ; yes             ; Auto-Generated Megafunction  ; C:/Users/liupp/Desktop/DATA/ECE/ECE3544-2022-fall/lab5/square-root-finder/project3Top_zx_restored/db/lpm_divide_4dm.tdf      ;         ;
; db/sign_div_unsign_anh.tdf       ; yes             ; Auto-Generated Megafunction  ; C:/Users/liupp/Desktop/DATA/ECE/ECE3544-2022-fall/lab5/square-root-finder/project3Top_zx_restored/db/sign_div_unsign_anh.tdf ;         ;
; db/alt_u_div_p2f.tdf             ; yes             ; Auto-Generated Megafunction  ; C:/Users/liupp/Desktop/DATA/ECE/ECE3544-2022-fall/lab5/square-root-finder/project3Top_zx_restored/db/alt_u_div_p2f.tdf       ;         ;
; db/lpm_divide_6dm.tdf            ; yes             ; Auto-Generated Megafunction  ; C:/Users/liupp/Desktop/DATA/ECE/ECE3544-2022-fall/lab5/square-root-finder/project3Top_zx_restored/db/lpm_divide_6dm.tdf      ;         ;
; db/sign_div_unsign_cnh.tdf       ; yes             ; Auto-Generated Megafunction  ; C:/Users/liupp/Desktop/DATA/ECE/ECE3544-2022-fall/lab5/square-root-finder/project3Top_zx_restored/db/sign_div_unsign_cnh.tdf ;         ;
; db/alt_u_div_u2f.tdf             ; yes             ; Auto-Generated Megafunction  ; C:/Users/liupp/Desktop/DATA/ECE/ECE3544-2022-fall/lab5/square-root-finder/project3Top_zx_restored/db/alt_u_div_u2f.tdf       ;         ;
+----------------------------------+-----------------+------------------------------+------------------------------------------------------------------------------------------------------------------------------+---------+


+--------------------------------------------------------------------+
; Analysis & Synthesis Resource Usage Summary                        ;
+---------------------------------------------+----------------------+
; Resource                                    ; Usage                ;
+---------------------------------------------+----------------------+
; Estimate of Logic utilization (ALMs needed) ; 1394                 ;
;                                             ;                      ;
; Combinational ALUT usage for logic          ; 2782                 ;
;     -- 7 input functions                    ; 0                    ;
;     -- 6 input functions                    ; 4                    ;
;     -- 5 input functions                    ; 33                   ;
;     -- 4 input functions                    ; 679                  ;
;     -- <=3 input functions                  ; 2066                 ;
;                                             ;                      ;
; Dedicated logic registers                   ; 55                   ;
;                                             ;                      ;
; I/O pins                                    ; 66                   ;
;                                             ;                      ;
; Total DSP Blocks                            ; 7                    ;
;                                             ;                      ;
; Maximum fan-out node                        ; newton:F2|out_dec[0] ;
; Maximum fan-out                             ; 96                   ;
; Total fan-out                               ; 9115                 ;
; Average fan-out                             ; 3.06                 ;
+---------------------------------------------+----------------------+


+------------------------------------------------------------------------------------------------------------------------------------------------------------------------------------------------------------------------------------------------------------------------------------------------------------------+
; Analysis & Synthesis Resource Utilization by Entity                                                                                                                                                                                                                                                              ;
+-------------------------------------------+---------------------+---------------------------+-------------------+------------+------+--------------+------------------------------------------------------------------------------------------------------------------------+---------------------+--------------+
; Compilation Hierarchy Node                ; Combinational ALUTs ; Dedicated Logic Registers ; Block Memory Bits ; DSP Blocks ; Pins ; Virtual Pins ; Full Hierarchy Name                                                                                                    ; Entity Name         ; Library Name ;
+-------------------------------------------+---------------------+---------------------------+-------------------+------------+------+--------------+------------------------------------------------------------------------------------------------------------------------+---------------------+--------------+
; |project3Top                              ; 2782 (26)           ; 55 (49)                   ; 0                 ; 7          ; 66   ; 0            ; |project3Top                                                                                                           ; project3Top         ; work         ;
;    |SW2dec:F1|                            ; 20 (20)             ; 0 (0)                     ; 0                 ; 0          ; 0    ; 0            ; |project3Top|SW2dec:F1                                                                                                 ; SW2dec              ; work         ;
;    |keypressed:U1|                        ; 3 (3)               ; 3 (3)                     ; 0                 ; 0          ; 0    ; 0            ; |project3Top|keypressed:U1                                                                                             ; keypressed          ; work         ;
;    |keypressed:U2|                        ; 3 (3)               ; 3 (3)                     ; 0                 ; 0          ; 0    ; 0            ; |project3Top|keypressed:U2                                                                                             ; keypressed          ; work         ;
;    |newton:F2|                            ; 2688 (363)          ; 0 (0)                     ; 0                 ; 7          ; 0    ; 0            ; |project3Top|newton:F2                                                                                                 ; newton              ; work         ;
;       |lpm_divide:Div0|                   ; 294 (0)             ; 0 (0)                     ; 0                 ; 0          ; 0    ; 0            ; |project3Top|newton:F2|lpm_divide:Div0                                                                                 ; lpm_divide          ; work         ;
;          |lpm_divide_6dm:auto_generated|  ; 294 (0)             ; 0 (0)                     ; 0                 ; 0          ; 0    ; 0            ; |project3Top|newton:F2|lpm_divide:Div0|lpm_divide_6dm:auto_generated                                                   ; lpm_divide_6dm      ; work         ;
;             |sign_div_unsign_cnh:divider| ; 294 (0)             ; 0 (0)                     ; 0                 ; 0          ; 0    ; 0            ; |project3Top|newton:F2|lpm_divide:Div0|lpm_divide_6dm:auto_generated|sign_div_unsign_cnh:divider                       ; sign_div_unsign_cnh ; work         ;
;                |alt_u_div_u2f:divider|    ; 294 (294)           ; 0 (0)                     ; 0                 ; 0          ; 0    ; 0            ; |project3Top|newton:F2|lpm_divide:Div0|lpm_divide_6dm:auto_generated|sign_div_unsign_cnh:divider|alt_u_div_u2f:divider ; alt_u_div_u2f       ; work         ;
;       |lpm_divide:Div1|                   ; 648 (0)             ; 0 (0)                     ; 0                 ; 0          ; 0    ; 0            ; |project3Top|newton:F2|lpm_divide:Div1                                                                                 ; lpm_divide          ; work         ;
;          |lpm_divide_4dm:auto_generated|  ; 648 (0)             ; 0 (0)                     ; 0                 ; 0          ; 0    ; 0            ; |project3Top|newton:F2|lpm_divide:Div1|lpm_divide_4dm:auto_generated                                                   ; lpm_divide_4dm      ; work         ;
;             |sign_div_unsign_anh:divider| ; 648 (0)             ; 0 (0)                     ; 0                 ; 0          ; 0    ; 0            ; |project3Top|newton:F2|lpm_divide:Div1|lpm_divide_4dm:auto_generated|sign_div_unsign_anh:divider                       ; sign_div_unsign_anh ; work         ;
;                |alt_u_div_p2f:divider|    ; 648 (648)           ; 0 (0)                     ; 0                 ; 0          ; 0    ; 0            ; |project3Top|newton:F2|lpm_divide:Div1|lpm_divide_4dm:auto_generated|sign_div_unsign_anh:divider|alt_u_div_p2f:divider ; alt_u_div_p2f       ; work         ;
;       |lpm_divide:Div2|                   ; 584 (0)             ; 0 (0)                     ; 0                 ; 0          ; 0    ; 0            ; |project3Top|newton:F2|lpm_divide:Div2                                                                                 ; lpm_divide          ; work         ;
;          |lpm_divide_vcm:auto_generated|  ; 584 (0)             ; 0 (0)                     ; 0                 ; 0          ; 0    ; 0            ; |project3Top|newton:F2|lpm_divide:Div2|lpm_divide_vcm:auto_generated                                                   ; lpm_divide_vcm      ; work         ;
;             |sign_div_unsign_5nh:divider| ; 584 (0)             ; 0 (0)                     ; 0                 ; 0          ; 0    ; 0            ; |project3Top|newton:F2|lpm_divide:Div2|lpm_divide_vcm:auto_generated|sign_div_unsign_5nh:divider                       ; sign_div_unsign_5nh ; work         ;
;                |alt_u_div_g2f:divider|    ; 584 (584)           ; 0 (0)                     ; 0                 ; 0          ; 0    ; 0            ; |project3Top|newton:F2|lpm_divide:Div2|lpm_divide_vcm:auto_generated|sign_div_unsign_5nh:divider|alt_u_div_g2f:divider ; alt_u_div_g2f       ; work         ;
;       |lpm_divide:Div3|                   ; 482 (0)             ; 0 (0)                     ; 0                 ; 0          ; 0    ; 0            ; |project3Top|newton:F2|lpm_divide:Div3                                                                                 ; lpm_divide          ; work         ;
;          |lpm_divide_lbm:auto_generated|  ; 482 (0)             ; 0 (0)                     ; 0                 ; 0          ; 0    ; 0            ; |project3Top|newton:F2|lpm_divide:Div3|lpm_divide_lbm:auto_generated                                                   ; lpm_divide_lbm      ; work         ;
;             |sign_div_unsign_rlh:divider| ; 482 (0)             ; 0 (0)                     ; 0                 ; 0          ; 0    ; 0            ; |project3Top|newton:F2|lpm_divide:Div3|lpm_divide_lbm:auto_generated|sign_div_unsign_rlh:divider                       ; sign_div_unsign_rlh ; work         ;
;                |alt_u_div_sve:divider|    ; 482 (482)           ; 0 (0)                     ; 0                 ; 0          ; 0    ; 0            ; |project3Top|newton:F2|lpm_divide:Div3|lpm_divide_lbm:auto_generated|sign_div_unsign_rlh:divider|alt_u_div_sve:divider ; alt_u_div_sve       ; work         ;
;       |lpm_divide:Div4|                   ; 317 (0)             ; 0 (0)                     ; 0                 ; 0          ; 0    ; 0            ; |project3Top|newton:F2|lpm_divide:Div4                                                                                 ; lpm_divide          ; work         ;
;          |lpm_divide_jbm:auto_generated|  ; 317 (0)             ; 0 (0)                     ; 0                 ; 0          ; 0    ; 0            ; |project3Top|newton:F2|lpm_divide:Div4|lpm_divide_jbm:auto_generated                                                   ; lpm_divide_jbm      ; work         ;
;             |sign_div_unsign_plh:divider| ; 317 (0)             ; 0 (0)                     ; 0                 ; 0          ; 0    ; 0            ; |project3Top|newton:F2|lpm_divide:Div4|lpm_divide_jbm:auto_generated|sign_div_unsign_plh:divider                       ; sign_div_unsign_plh ; work         ;
;                |alt_u_div_nve:divider|    ; 317 (317)           ; 0 (0)                     ; 0                 ; 0          ; 0    ; 0            ; |project3Top|newton:F2|lpm_divide:Div4|lpm_divide_jbm:auto_generated|sign_div_unsign_plh:divider|alt_u_div_nve:divider ; alt_u_div_nve       ; work         ;
;    |seven_seg_driver:S0|                  ; 7 (7)               ; 0 (0)                     ; 0                 ; 0          ; 0    ; 0            ; |project3Top|seven_seg_driver:S0                                                                                       ; seven_seg_driver    ; work         ;
;    |seven_seg_driver:S1|                  ; 7 (7)               ; 0 (0)                     ; 0                 ; 0          ; 0    ; 0            ; |project3Top|seven_seg_driver:S1                                                                                       ; seven_seg_driver    ; work         ;
;    |seven_seg_driver:S2|                  ; 7 (7)               ; 0 (0)                     ; 0                 ; 0          ; 0    ; 0            ; |project3Top|seven_seg_driver:S2                                                                                       ; seven_seg_driver    ; work         ;
;    |seven_seg_driver:S3|                  ; 7 (7)               ; 0 (0)                     ; 0                 ; 0          ; 0    ; 0            ; |project3Top|seven_seg_driver:S3                                                                                       ; seven_seg_driver    ; work         ;
;    |seven_seg_driver:S4|                  ; 7 (7)               ; 0 (0)                     ; 0                 ; 0          ; 0    ; 0            ; |project3Top|seven_seg_driver:S4                                                                                       ; seven_seg_driver    ; work         ;
;    |seven_seg_driver:S5|                  ; 7 (7)               ; 0 (0)                     ; 0                 ; 0          ; 0    ; 0            ; |project3Top|seven_seg_driver:S5                                                                                       ; seven_seg_driver    ; work         ;
+-------------------------------------------+---------------------+---------------------------+-------------------+------------+------+--------------+------------------------------------------------------------------------------------------------------------------------+---------------------+--------------+
Note: For table entries with two numbers listed, the numbers in parentheses indicate the number of resources of the given type used by the specific entity alone. The numbers listed outside of parentheses indicate the total resources of the given type used by the specific entity and all of its sub-entities in the hierarchy.


+-----------------------------------------------+
; Analysis & Synthesis DSP Block Usage Summary  ;
+---------------------------------+-------------+
; Statistic                       ; Number Used ;
+---------------------------------+-------------+
; Two Independent 18x18           ; 1           ;
; Independent 18x18 plus 36       ; 5           ;
; Sum of two 18x18                ; 1           ;
; Total number of DSP blocks      ; 7           ;
;                                 ;             ;
; Fixed Point Unsigned Multiplier ; 8           ;
+---------------------------------+-------------+


Encoding Type:  One-Hot
+----------------------------------------------------------------------------------------------+
; State Machine - |project3Top|keypressed:U2|key_state                                         ;
+------------------------+--------------------+------------------------+-----------------------+
; Name                   ; key_state.KEY_FREE ; key_state.KEY_RELEASED ; key_state.KEY_PRESSED ;
+------------------------+--------------------+------------------------+-----------------------+
; key_state.KEY_FREE     ; 0                  ; 0                      ; 0                     ;
; key_state.KEY_PRESSED  ; 1                  ; 0                      ; 1                     ;
; key_state.KEY_RELEASED ; 1                  ; 1                      ; 0                     ;
+------------------------+--------------------+------------------------+-----------------------+


Encoding Type:  One-Hot
+----------------------------------------------------------------------------------------------+
; State Machine - |project3Top|keypressed:U1|key_state                                         ;
+------------------------+--------------------+------------------------+-----------------------+
; Name                   ; key_state.KEY_FREE ; key_state.KEY_RELEASED ; key_state.KEY_PRESSED ;
+------------------------+--------------------+------------------------+-----------------------+
; key_state.KEY_FREE     ; 0                  ; 0                      ; 0                     ;
; key_state.KEY_PRESSED  ; 1                  ; 0                      ; 1                     ;
; key_state.KEY_RELEASED ; 1                  ; 1                      ; 0                     ;
+------------------------+--------------------+------------------------+-----------------------+


+------------------------------------------------------+
; General Register Statistics                          ;
+----------------------------------------------+-------+
; Statistic                                    ; Value ;
+----------------------------------------------+-------+
; Total registers                              ; 55    ;
; Number of registers using Synchronous Clear  ; 0     ;
; Number of registers using Synchronous Load   ; 24    ;
; Number of registers using Asynchronous Clear ; 31    ;
; Number of registers using Asynchronous Load  ; 0     ;
; Number of registers using Clock Enable       ; 48    ;
; Number of registers using Preset             ; 0     ;
+----------------------------------------------+-------+


+-----------------------------------------------------------------------------+
; Parameter Settings for User Entity Instance: Top-level Entity: |project3Top ;
+----------------+-------+----------------------------------------------------+
; Parameter Name ; Value ; Type                                               ;
+----------------+-------+----------------------------------------------------+
; get_num        ; 0     ; Unsigned Binary                                    ;
; get_root       ; 1     ; Unsigned Binary                                    ;
+----------------+-------+----------------------------------------------------+
Note: In order to hide this table in the UI and the text report file, please set the "Show Parameter Settings in Synthesis Report" option in "Analysis and Synthesis Settings -> More Settings" to "Off".


+------------------------------------------------------------+
; Parameter Settings for User Entity Instance: keypressed:U1 ;
+----------------+-------+-----------------------------------+
; Parameter Name ; Value ; Type                              ;
+----------------+-------+-----------------------------------+
; KEY_FREE       ; 00    ; Unsigned Binary                   ;
; KEY_PRESSED    ; 01    ; Unsigned Binary                   ;
; KEY_RELEASED   ; 10    ; Unsigned Binary                   ;
+----------------+-------+-----------------------------------+
Note: In order to hide this table in the UI and the text report file, please set the "Show Parameter Settings in Synthesis Report" option in "Analysis and Synthesis Settings -> More Settings" to "Off".


+------------------------------------------------------------+
; Parameter Settings for User Entity Instance: keypressed:U2 ;
+----------------+-------+-----------------------------------+
; Parameter Name ; Value ; Type                              ;
+----------------+-------+-----------------------------------+
; KEY_FREE       ; 00    ; Unsigned Binary                   ;
; KEY_PRESSED    ; 01    ; Unsigned Binary                   ;
; KEY_RELEASED   ; 10    ; Unsigned Binary                   ;
+----------------+-------+-----------------------------------+
Note: In order to hide this table in the UI and the text report file, please set the "Show Parameter Settings in Synthesis Report" option in "Analysis and Synthesis Settings -> More Settings" to "Off".


+----------------------------------------------------------------------------+
; Parameter Settings for Inferred Entity Instance: newton:F2|lpm_divide:Div4 ;
+------------------------+----------------+----------------------------------+
; Parameter Name         ; Value          ; Type                             ;
+------------------------+----------------+----------------------------------+
; LPM_WIDTHN             ; 32             ; Untyped                          ;
; LPM_WIDTHD             ; 4              ; Untyped                          ;
; LPM_NREPRESENTATION    ; UNSIGNED       ; Untyped                          ;
; LPM_DREPRESENTATION    ; UNSIGNED       ; Untyped                          ;
; LPM_PIPELINE           ; 0              ; Untyped                          ;
; LPM_REMAINDERPOSITIVE  ; TRUE           ; Untyped                          ;
; MAXIMIZE_SPEED         ; 5              ; Untyped                          ;
; CBXI_PARAMETER         ; lpm_divide_jbm ; Untyped                          ;
; CARRY_CHAIN            ; MANUAL         ; Untyped                          ;
; OPTIMIZE_FOR_SPEED     ; 5              ; Untyped                          ;
; AUTO_CARRY_CHAINS      ; ON             ; AUTO_CARRY                       ;
; IGNORE_CARRY_BUFFERS   ; OFF            ; IGNORE_CARRY                     ;
; AUTO_CASCADE_CHAINS    ; ON             ; AUTO_CASCADE                     ;
; IGNORE_CASCADE_BUFFERS ; OFF            ; IGNORE_CASCADE                   ;
+------------------------+----------------+----------------------------------+
Note: In order to hide this table in the UI and the text report file, please set the "Show Parameter Settings in Synthesis Report" option in "Analysis and Synthesis Settings -> More Settings" to "Off".


+----------------------------------------------------------------------------+
; Parameter Settings for Inferred Entity Instance: newton:F2|lpm_divide:Div3 ;
+------------------------+----------------+----------------------------------+
; Parameter Name         ; Value          ; Type                             ;
+------------------------+----------------+----------------------------------+
; LPM_WIDTHN             ; 32             ; Untyped                          ;
; LPM_WIDTHD             ; 7              ; Untyped                          ;
; LPM_NREPRESENTATION    ; UNSIGNED       ; Untyped                          ;
; LPM_DREPRESENTATION    ; UNSIGNED       ; Untyped                          ;
; LPM_PIPELINE           ; 0              ; Untyped                          ;
; LPM_REMAINDERPOSITIVE  ; TRUE           ; Untyped                          ;
; MAXIMIZE_SPEED         ; 5              ; Untyped                          ;
; CBXI_PARAMETER         ; lpm_divide_lbm ; Untyped                          ;
; CARRY_CHAIN            ; MANUAL         ; Untyped                          ;
; OPTIMIZE_FOR_SPEED     ; 5              ; Untyped                          ;
; AUTO_CARRY_CHAINS      ; ON             ; AUTO_CARRY                       ;
; IGNORE_CARRY_BUFFERS   ; OFF            ; IGNORE_CARRY                     ;
; AUTO_CASCADE_CHAINS    ; ON             ; AUTO_CASCADE                     ;
; IGNORE_CASCADE_BUFFERS ; OFF            ; IGNORE_CASCADE                   ;
+------------------------+----------------+----------------------------------+
Note: In order to hide this table in the UI and the text report file, please set the "Show Parameter Settings in Synthesis Report" option in "Analysis and Synthesis Settings -> More Settings" to "Off".


+----------------------------------------------------------------------------+
; Parameter Settings for Inferred Entity Instance: newton:F2|lpm_divide:Div2 ;
+------------------------+----------------+----------------------------------+
; Parameter Name         ; Value          ; Type                             ;
+------------------------+----------------+----------------------------------+
; LPM_WIDTHN             ; 32             ; Untyped                          ;
; LPM_WIDTHD             ; 10             ; Untyped                          ;
; LPM_NREPRESENTATION    ; UNSIGNED       ; Untyped                          ;
; LPM_DREPRESENTATION    ; UNSIGNED       ; Untyped                          ;
; LPM_PIPELINE           ; 0              ; Untyped                          ;
; LPM_REMAINDERPOSITIVE  ; TRUE           ; Untyped                          ;
; MAXIMIZE_SPEED         ; 5              ; Untyped                          ;
; CBXI_PARAMETER         ; lpm_divide_vcm ; Untyped                          ;
; CARRY_CHAIN            ; MANUAL         ; Untyped                          ;
; OPTIMIZE_FOR_SPEED     ; 5              ; Untyped                          ;
; AUTO_CARRY_CHAINS      ; ON             ; AUTO_CARRY                       ;
; IGNORE_CARRY_BUFFERS   ; OFF            ; IGNORE_CARRY                     ;
; AUTO_CASCADE_CHAINS    ; ON             ; AUTO_CASCADE                     ;
; IGNORE_CASCADE_BUFFERS ; OFF            ; IGNORE_CASCADE                   ;
+------------------------+----------------+----------------------------------+
Note: In order to hide this table in the UI and the text report file, please set the "Show Parameter Settings in Synthesis Report" option in "Analysis and Synthesis Settings -> More Settings" to "Off".


+----------------------------------------------------------------------------+
; Parameter Settings for Inferred Entity Instance: newton:F2|lpm_divide:Div1 ;
+------------------------+----------------+----------------------------------+
; Parameter Name         ; Value          ; Type                             ;
+------------------------+----------------+----------------------------------+
; LPM_WIDTHN             ; 32             ; Untyped                          ;
; LPM_WIDTHD             ; 14             ; Untyped                          ;
; LPM_NREPRESENTATION    ; UNSIGNED       ; Untyped                          ;
; LPM_DREPRESENTATION    ; UNSIGNED       ; Untyped                          ;
; LPM_PIPELINE           ; 0              ; Untyped                          ;
; LPM_REMAINDERPOSITIVE  ; TRUE           ; Untyped                          ;
; MAXIMIZE_SPEED         ; 5              ; Untyped                          ;
; CBXI_PARAMETER         ; lpm_divide_4dm ; Untyped                          ;
; CARRY_CHAIN            ; MANUAL         ; Untyped                          ;
; OPTIMIZE_FOR_SPEED     ; 5              ; Untyped                          ;
; AUTO_CARRY_CHAINS      ; ON             ; AUTO_CARRY                       ;
; IGNORE_CARRY_BUFFERS   ; OFF            ; IGNORE_CARRY                     ;
; AUTO_CASCADE_CHAINS    ; ON             ; AUTO_CASCADE                     ;
; IGNORE_CASCADE_BUFFERS ; OFF            ; IGNORE_CASCADE                   ;
+------------------------+----------------+----------------------------------+
Note: In order to hide this table in the UI and the text report file, please set the "Show Parameter Settings in Synthesis Report" option in "Analysis and Synthesis Settings -> More Settings" to "Off".


+----------------------------------------------------------------------------+
; Parameter Settings for Inferred Entity Instance: newton:F2|lpm_divide:Div0 ;
+------------------------+----------------+----------------------------------+
; Parameter Name         ; Value          ; Type                             ;
+------------------------+----------------+----------------------------------+
; LPM_WIDTHN             ; 32             ; Untyped                          ;
; LPM_WIDTHD             ; 17             ; Untyped                          ;
; LPM_NREPRESENTATION    ; UNSIGNED       ; Untyped                          ;
; LPM_DREPRESENTATION    ; UNSIGNED       ; Untyped                          ;
; LPM_PIPELINE           ; 0              ; Untyped                          ;
; LPM_REMAINDERPOSITIVE  ; TRUE           ; Untyped                          ;
; MAXIMIZE_SPEED         ; 5              ; Untyped                          ;
; CBXI_PARAMETER         ; lpm_divide_6dm ; Untyped                          ;
; CARRY_CHAIN            ; MANUAL         ; Untyped                          ;
; OPTIMIZE_FOR_SPEED     ; 5              ; Untyped                          ;
; AUTO_CARRY_CHAINS      ; ON             ; AUTO_CARRY                       ;
; IGNORE_CARRY_BUFFERS   ; OFF            ; IGNORE_CARRY                     ;
; AUTO_CASCADE_CHAINS    ; ON             ; AUTO_CASCADE                     ;
; IGNORE_CASCADE_BUFFERS ; OFF            ; IGNORE_CASCADE                   ;
+------------------------+----------------+----------------------------------+
Note: In order to hide this table in the UI and the text report file, please set the "Show Parameter Settings in Synthesis Report" option in "Analysis and Synthesis Settings -> More Settings" to "Off".


+-----------------------------------------------------+
; Post-Synthesis Netlist Statistics for Top Partition ;
+-----------------------+-----------------------------+
; Type                  ; Count                       ;
+-----------------------+-----------------------------+
; arriav_ff             ; 55                          ;
;     CLR               ; 7                           ;
;     ENA CLR           ; 24                          ;
;     ENA SLD           ; 24                          ;
; arriav_lcell_comb     ; 2791                        ;
;     arith             ; 1482                        ;
;         0 data inputs ; 203                         ;
;         1 data inputs ; 152                         ;
;         2 data inputs ; 61                          ;
;         3 data inputs ; 608                         ;
;         4 data inputs ; 429                         ;
;         5 data inputs ; 29                          ;
;     normal            ; 1227                        ;
;         1 data inputs ; 29                          ;
;         2 data inputs ; 660                         ;
;         3 data inputs ; 282                         ;
;         4 data inputs ; 248                         ;
;         5 data inputs ; 4                           ;
;         6 data inputs ; 4                           ;
;     shared            ; 82                          ;
;         0 data inputs ; 17                          ;
;         1 data inputs ; 56                          ;
;         2 data inputs ; 2                           ;
;         3 data inputs ; 5                           ;
;         4 data inputs ; 2                           ;
; arriav_mac            ; 7                           ;
; boundary_port         ; 66                          ;
;                       ;                             ;
; Max LUT depth         ; 80.60                       ;
; Average LUT depth     ; 52.65                       ;
+-----------------------+-----------------------------+


+-------------------------------+
; Elapsed Time Per Partition    ;
+----------------+--------------+
; Partition Name ; Elapsed Time ;
+----------------+--------------+
; Top            ; 00:00:03     ;
+----------------+--------------+


+-------------------------------+
; Analysis & Synthesis Messages ;
+-------------------------------+
Info: *******************************************************************
Info: Running Quartus Prime Analysis & Synthesis
    Info: Version 18.1.0 Build 625 09/12/2018 SJ Lite Edition
    Info: Processing started: Thu Dec 01 23:39:37 2022
Info: Command: quartus_map --read_settings_files=on --write_settings_files=off project3Top -c project3Top
Warning (18236): Number of processors has not been specified which may cause overloading on shared machines.  Set the global assignment NUM_PARALLEL_PROCESSORS in your QSF to an appropriate value for best performance.
Info (20030): Parallel compilation is enabled and will use 16 of the 16 processors detected
Info (12021): Found 1 design units, including 1 entities, in source file tb_project3.v
    Info (12023): Found entity 1: tb_project3 File: C:/Users/liupp/Desktop/DATA/ECE/ECE3544-2022-fall/lab5/square-root-finder/project3Top_zx_restored/tb_project3.v Line: 10
Info (12021): Found 1 design units, including 1 entities, in source file sw2dec.v
    Info (12023): Found entity 1: SW2dec File: C:/Users/liupp/Desktop/DATA/ECE/ECE3544-2022-fall/lab5/square-root-finder/project3Top_zx_restored/SW2dec.v Line: 1
Info (12021): Found 1 design units, including 1 entities, in source file seven_seg_driver.v
    Info (12023): Found entity 1: seven_seg_driver File: C:/Users/liupp/Desktop/DATA/ECE/ECE3544-2022-fall/lab5/square-root-finder/project3Top_zx_restored/seven_seg_driver.v Line: 1
Info (12021): Found 1 design units, including 1 entities, in source file keypressed.v
    Info (12023): Found entity 1: keypressed File: C:/Users/liupp/Desktop/DATA/ECE/ECE3544-2022-fall/lab5/square-root-finder/project3Top_zx_restored/keypressed.v Line: 15
Info (12021): Found 1 design units, including 1 entities, in source file project3top.v
    Info (12023): Found entity 1: project3Top File: C:/Users/liupp/Desktop/DATA/ECE/ECE3544-2022-fall/lab5/square-root-finder/project3Top_zx_restored/project3Top.v Line: 4
Info (12021): Found 1 design units, including 1 entities, in source file run.v
    Info (12023): Found entity 1: run File: C:/Users/liupp/Desktop/DATA/ECE/ECE3544-2022-fall/lab5/square-root-finder/project3Top_zx_restored/run.v Line: 2
Info (12021): Found 1 design units, including 1 entities, in source file newton.v
    Info (12023): Found entity 1: newton File: C:/Users/liupp/Desktop/DATA/ECE/ECE3544-2022-fall/lab5/square-root-finder/project3Top_zx_restored/newton.v Line: 3
Info (12127): Elaborating entity "project3Top" for the top level hierarchy
Info (12128): Elaborating entity "SW2dec" for hierarchy "SW2dec:F1" File: C:/Users/liupp/Desktop/DATA/ECE/ECE3544-2022-fall/lab5/square-root-finder/project3Top_zx_restored/project3Top.v Line: 24
Warning (10230): Verilog HDL assignment warning at SW2dec.v(23): truncated value with size 32 to match size of target (10) File: C:/Users/liupp/Desktop/DATA/ECE/ECE3544-2022-fall/lab5/square-root-finder/project3Top_zx_restored/SW2dec.v Line: 23
Info (12128): Elaborating entity "newton" for hierarchy "newton:F2" File: C:/Users/liupp/Desktop/DATA/ECE/ECE3544-2022-fall/lab5/square-root-finder/project3Top_zx_restored/project3Top.v Line: 27
Warning (10230): Verilog HDL assignment warning at newton.v(21): truncated value with size 32 to match size of target (4) File: C:/Users/liupp/Desktop/DATA/ECE/ECE3544-2022-fall/lab5/square-root-finder/project3Top_zx_restored/newton.v Line: 21
Warning (10230): Verilog HDL assignment warning at newton.v(23): truncated value with size 32 to match size of target (4) File: C:/Users/liupp/Desktop/DATA/ECE/ECE3544-2022-fall/lab5/square-root-finder/project3Top_zx_restored/newton.v Line: 23
Warning (10230): Verilog HDL assignment warning at newton.v(25): truncated value with size 32 to match size of target (4) File: C:/Users/liupp/Desktop/DATA/ECE/ECE3544-2022-fall/lab5/square-root-finder/project3Top_zx_restored/newton.v Line: 25
Warning (10230): Verilog HDL assignment warning at newton.v(28): truncated value with size 32 to match size of target (4) File: C:/Users/liupp/Desktop/DATA/ECE/ECE3544-2022-fall/lab5/square-root-finder/project3Top_zx_restored/newton.v Line: 28
Warning (10230): Verilog HDL assignment warning at newton.v(32): truncated value with size 32 to match size of target (4) File: C:/Users/liupp/Desktop/DATA/ECE/ECE3544-2022-fall/lab5/square-root-finder/project3Top_zx_restored/newton.v Line: 32
Warning (10230): Verilog HDL assignment warning at newton.v(37): truncated value with size 32 to match size of target (4) File: C:/Users/liupp/Desktop/DATA/ECE/ECE3544-2022-fall/lab5/square-root-finder/project3Top_zx_restored/newton.v Line: 37
Info (12128): Elaborating entity "seven_seg_driver" for hierarchy "seven_seg_driver:S0" File: C:/Users/liupp/Desktop/DATA/ECE/ECE3544-2022-fall/lab5/square-root-finder/project3Top_zx_restored/project3Top.v Line: 34
Info (12128): Elaborating entity "keypressed" for hierarchy "keypressed:U1" File: C:/Users/liupp/Desktop/DATA/ECE/ECE3544-2022-fall/lab5/square-root-finder/project3Top_zx_restored/project3Top.v Line: 44
Info (278001): Inferred 5 megafunctions from design logic
    Info (278004): Inferred divider/modulo megafunction ("lpm_divide") from the following logic: "newton:F2|Div4" File: C:/Users/liupp/Desktop/DATA/ECE/ECE3544-2022-fall/lab5/square-root-finder/project3Top_zx_restored/newton.v Line: 32
    Info (278004): Inferred divider/modulo megafunction ("lpm_divide") from the following logic: "newton:F2|Div3" File: C:/Users/liupp/Desktop/DATA/ECE/ECE3544-2022-fall/lab5/square-root-finder/project3Top_zx_restored/newton.v Line: 28
    Info (278004): Inferred divider/modulo megafunction ("lpm_divide") from the following logic: "newton:F2|Div2" File: C:/Users/liupp/Desktop/DATA/ECE/ECE3544-2022-fall/lab5/square-root-finder/project3Top_zx_restored/newton.v Line: 25
    Info (278004): Inferred divider/modulo megafunction ("lpm_divide") from the following logic: "newton:F2|Div1" File: C:/Users/liupp/Desktop/DATA/ECE/ECE3544-2022-fall/lab5/square-root-finder/project3Top_zx_restored/newton.v Line: 23
    Info (278004): Inferred divider/modulo megafunction ("lpm_divide") from the following logic: "newton:F2|Div0" File: C:/Users/liupp/Desktop/DATA/ECE/ECE3544-2022-fall/lab5/square-root-finder/project3Top_zx_restored/newton.v Line: 21
Info (12130): Elaborated megafunction instantiation "newton:F2|lpm_divide:Div4" File: C:/Users/liupp/Desktop/DATA/ECE/ECE3544-2022-fall/lab5/square-root-finder/project3Top_zx_restored/newton.v Line: 32
Info (12133): Instantiated megafunction "newton:F2|lpm_divide:Div4" with the following parameter: File: C:/Users/liupp/Desktop/DATA/ECE/ECE3544-2022-fall/lab5/square-root-finder/project3Top_zx_restored/newton.v Line: 32
    Info (12134): Parameter "LPM_WIDTHN" = "32"
    Info (12134): Parameter "LPM_WIDTHD" = "4"
    Info (12134): Parameter "LPM_NREPRESENTATION" = "UNSIGNED"
    Info (12134): Parameter "LPM_DREPRESENTATION" = "UNSIGNED"
Info (12021): Found 1 design units, including 1 entities, in source file db/lpm_divide_jbm.tdf
    Info (12023): Found entity 1: lpm_divide_jbm File: C:/Users/liupp/Desktop/DATA/ECE/ECE3544-2022-fall/lab5/square-root-finder/project3Top_zx_restored/db/lpm_divide_jbm.tdf Line: 24
Info (12021): Found 1 design units, including 1 entities, in source file db/sign_div_unsign_plh.tdf
    Info (12023): Found entity 1: sign_div_unsign_plh File: C:/Users/liupp/Desktop/DATA/ECE/ECE3544-2022-fall/lab5/square-root-finder/project3Top_zx_restored/db/sign_div_unsign_plh.tdf Line: 24
Info (12021): Found 1 design units, including 1 entities, in source file db/alt_u_div_nve.tdf
    Info (12023): Found entity 1: alt_u_div_nve File: C:/Users/liupp/Desktop/DATA/ECE/ECE3544-2022-fall/lab5/square-root-finder/project3Top_zx_restored/db/alt_u_div_nve.tdf Line: 22
Info (12130): Elaborated megafunction instantiation "newton:F2|lpm_divide:Div3" File: C:/Users/liupp/Desktop/DATA/ECE/ECE3544-2022-fall/lab5/square-root-finder/project3Top_zx_restored/newton.v Line: 28
Info (12133): Instantiated megafunction "newton:F2|lpm_divide:Div3" with the following parameter: File: C:/Users/liupp/Desktop/DATA/ECE/ECE3544-2022-fall/lab5/square-root-finder/project3Top_zx_restored/newton.v Line: 28
    Info (12134): Parameter "LPM_WIDTHN" = "32"
    Info (12134): Parameter "LPM_WIDTHD" = "7"
    Info (12134): Parameter "LPM_NREPRESENTATION" = "UNSIGNED"
    Info (12134): Parameter "LPM_DREPRESENTATION" = "UNSIGNED"
Info (12021): Found 1 design units, including 1 entities, in source file db/lpm_divide_lbm.tdf
    Info (12023): Found entity 1: lpm_divide_lbm File: C:/Users/liupp/Desktop/DATA/ECE/ECE3544-2022-fall/lab5/square-root-finder/project3Top_zx_restored/db/lpm_divide_lbm.tdf Line: 24
Info (12021): Found 1 design units, including 1 entities, in source file db/sign_div_unsign_rlh.tdf
    Info (12023): Found entity 1: sign_div_unsign_rlh File: C:/Users/liupp/Desktop/DATA/ECE/ECE3544-2022-fall/lab5/square-root-finder/project3Top_zx_restored/db/sign_div_unsign_rlh.tdf Line: 24
Info (12021): Found 1 design units, including 1 entities, in source file db/alt_u_div_sve.tdf
    Info (12023): Found entity 1: alt_u_div_sve File: C:/Users/liupp/Desktop/DATA/ECE/ECE3544-2022-fall/lab5/square-root-finder/project3Top_zx_restored/db/alt_u_div_sve.tdf Line: 22
Info (12130): Elaborated megafunction instantiation "newton:F2|lpm_divide:Div2" File: C:/Users/liupp/Desktop/DATA/ECE/ECE3544-2022-fall/lab5/square-root-finder/project3Top_zx_restored/newton.v Line: 25
Info (12133): Instantiated megafunction "newton:F2|lpm_divide:Div2" with the following parameter: File: C:/Users/liupp/Desktop/DATA/ECE/ECE3544-2022-fall/lab5/square-root-finder/project3Top_zx_restored/newton.v Line: 25
    Info (12134): Parameter "LPM_WIDTHN" = "32"
    Info (12134): Parameter "LPM_WIDTHD" = "10"
    Info (12134): Parameter "LPM_NREPRESENTATION" = "UNSIGNED"
    Info (12134): Parameter "LPM_DREPRESENTATION" = "UNSIGNED"
Info (12021): Found 1 design units, including 1 entities, in source file db/lpm_divide_vcm.tdf
    Info (12023): Found entity 1: lpm_divide_vcm File: C:/Users/liupp/Desktop/DATA/ECE/ECE3544-2022-fall/lab5/square-root-finder/project3Top_zx_restored/db/lpm_divide_vcm.tdf Line: 24
Info (12021): Found 1 design units, including 1 entities, in source file db/sign_div_unsign_5nh.tdf
    Info (12023): Found entity 1: sign_div_unsign_5nh File: C:/Users/liupp/Desktop/DATA/ECE/ECE3544-2022-fall/lab5/square-root-finder/project3Top_zx_restored/db/sign_div_unsign_5nh.tdf Line: 24
Info (12021): Found 1 design units, including 1 entities, in source file db/alt_u_div_g2f.tdf
    Info (12023): Found entity 1: alt_u_div_g2f File: C:/Users/liupp/Desktop/DATA/ECE/ECE3544-2022-fall/lab5/square-root-finder/project3Top_zx_restored/db/alt_u_div_g2f.tdf Line: 22
Info (12130): Elaborated megafunction instantiation "newton:F2|lpm_divide:Div1" File: C:/Users/liupp/Desktop/DATA/ECE/ECE3544-2022-fall/lab5/square-root-finder/project3Top_zx_restored/newton.v Line: 23
Info (12133): Instantiated megafunction "newton:F2|lpm_divide:Div1" with the following parameter: File: C:/Users/liupp/Desktop/DATA/ECE/ECE3544-2022-fall/lab5/square-root-finder/project3Top_zx_restored/newton.v Line: 23
    Info (12134): Parameter "LPM_WIDTHN" = "32"
    Info (12134): Parameter "LPM_WIDTHD" = "14"
    Info (12134): Parameter "LPM_NREPRESENTATION" = "UNSIGNED"
    Info (12134): Parameter "LPM_DREPRESENTATION" = "UNSIGNED"
Info (12021): Found 1 design units, including 1 entities, in source file db/lpm_divide_4dm.tdf
    Info (12023): Found entity 1: lpm_divide_4dm File: C:/Users/liupp/Desktop/DATA/ECE/ECE3544-2022-fall/lab5/square-root-finder/project3Top_zx_restored/db/lpm_divide_4dm.tdf Line: 24
Info (12021): Found 1 design units, including 1 entities, in source file db/sign_div_unsign_anh.tdf
    Info (12023): Found entity 1: sign_div_unsign_anh File: C:/Users/liupp/Desktop/DATA/ECE/ECE3544-2022-fall/lab5/square-root-finder/project3Top_zx_restored/db/sign_div_unsign_anh.tdf Line: 24
Info (12021): Found 1 design units, including 1 entities, in source file db/alt_u_div_p2f.tdf
    Info (12023): Found entity 1: alt_u_div_p2f File: C:/Users/liupp/Desktop/DATA/ECE/ECE3544-2022-fall/lab5/square-root-finder/project3Top_zx_restored/db/alt_u_div_p2f.tdf Line: 22
Info (12130): Elaborated megafunction instantiation "newton:F2|lpm_divide:Div0" File: C:/Users/liupp/Desktop/DATA/ECE/ECE3544-2022-fall/lab5/square-root-finder/project3Top_zx_restored/newton.v Line: 21
Info (12133): Instantiated megafunction "newton:F2|lpm_divide:Div0" with the following parameter: File: C:/Users/liupp/Desktop/DATA/ECE/ECE3544-2022-fall/lab5/square-root-finder/project3Top_zx_restored/newton.v Line: 21
    Info (12134): Parameter "LPM_WIDTHN" = "32"
    Info (12134): Parameter "LPM_WIDTHD" = "17"
    Info (12134): Parameter "LPM_NREPRESENTATION" = "UNSIGNED"
    Info (12134): Parameter "LPM_DREPRESENTATION" = "UNSIGNED"
Info (12021): Found 1 design units, including 1 entities, in source file db/lpm_divide_6dm.tdf
    Info (12023): Found entity 1: lpm_divide_6dm File: C:/Users/liupp/Desktop/DATA/ECE/ECE3544-2022-fall/lab5/square-root-finder/project3Top_zx_restored/db/lpm_divide_6dm.tdf Line: 24
Info (12021): Found 1 design units, including 1 entities, in source file db/sign_div_unsign_cnh.tdf
    Info (12023): Found entity 1: sign_div_unsign_cnh File: C:/Users/liupp/Desktop/DATA/ECE/ECE3544-2022-fall/lab5/square-root-finder/project3Top_zx_restored/db/sign_div_unsign_cnh.tdf Line: 24
Info (12021): Found 1 design units, including 1 entities, in source file db/alt_u_div_u2f.tdf
    Info (12023): Found entity 1: alt_u_div_u2f File: C:/Users/liupp/Desktop/DATA/ECE/ECE3544-2022-fall/lab5/square-root-finder/project3Top_zx_restored/db/alt_u_div_u2f.tdf Line: 22
Info (286030): Timing-Driven Synthesis is running
Info (16010): Generating hard_block partition "hard_block:auto_generated_inst"
    Info (16011): Adding 0 node(s), including 0 DDIO, 0 PLL, 0 transceiver and 0 LCELL
Info (21057): Implemented 2880 device resources after synthesis - the final resource count might be different
    Info (21058): Implemented 14 input pins
    Info (21059): Implemented 52 output pins
    Info (21061): Implemented 2807 logic cells
    Info (21062): Implemented 7 DSP elements
Info: Quartus Prime Analysis & Synthesis was successful. 0 errors, 8 warnings
    Info: Peak virtual memory: 4945 megabytes
    Info: Processing ended: Thu Dec 01 23:39:49 2022
    Info: Elapsed time: 00:00:12
    Info: Total CPU time (on all processors): 00:00:21


